// Jest Snapshot v1, https://goo.gl/fbAQLP

exports[`AreaChart renders an area chart 1`] = `
<div
  class="ez-viz"
  style="width: 800px; height: 600px;"
>
  <div class="ez-fragment-tooltip">
    <div class="ez-fragment-filter">
      <div class="ez-chart">
        <svg
          class="ez-svg"
          style="width: 800px; height: 600px;"
        >
          <g transform="translate(100, 100)">
            <g class="ez-points">
              <g class="ez-area">
                <path
                  d
                  stroke="none"
                  stroke-width="0"
                  fill="orange"
                  stroke-linejoin="round"
                  stroke-linecap="round"
                  class="ez-area"
                >
                </path>
                <path
                  d
                  stroke="red"
                  stroke-width="2"
                  fill="none"
                  stroke-linejoin="round"
                  stroke-linecap="round"
                  class="ez-line"
                >
                </path>
                <circle
                  stroke="red"
                  fill="red"
                  r="2"
                  cx="0"
                  cy="0"
                  stroke-width="2"
                  data-testid="ez-point"
                  class="ez-point"
                >
                </circle>
                <circle
                  stroke="red"
                  fill="red"
                  r="2"
                  cx="0"
                  cy="0"
                  stroke-width="2"
                  data-testid="ez-point"
                  class="ez-point"
                >
                </circle>
                <circle
                  stroke="red"
                  fill="red"
                  r="2"
                  cx="0"
                  cy="0"
                  stroke-width="2"
                  data-testid="ez-point"
                  class="ez-point"
                >
                </circle>
              </g>
            </g>
            <g
              text-anchor="middle"
              transform="translate(0, 0)"
              class="ez-axis"
            >
              <path
                d="M0,0V0V-0.5H0V0V0"
                class="ez-axis-path"
              >
              </path>
            </g>
            <g
              text-anchor="end"
              transform="translate(0, 0)"
              class="ez-axis"
            >
              <path
                d="M0,0H0H-0.5V0H0,0"
                class="ez-axis-path"
              >
              </path>
            </g>
          </g>
        </svg>
      </div>
    </div>
    <div
      class="ez-tooltip"
      style="left: 0px; top: 0px; opacity: 0;"
    >
    </div>
  </div>
</div>
`;

exports[`AreaChart renders an area chart 2`] = `
<div
  class="ez-viz"
  style="width: 800px; height: 600px;"
>
  <div class="ez-fragment-tooltip">
    <div class="ez-fragment-filter">
      <div class="ez-chart">
        <svg
          class="ez-svg"
          style="width: 800px; height: 600px;"
        >
          <g transform="translate(100, 100)">
            <g class="ez-points">
              <g class="ez-area">
                <path
                  d
                  stroke="none"
                  stroke-width="0"
                  fill="orange"
                  stroke-linejoin="round"
                  stroke-linecap="round"
                  class="ez-area"
                >
                </path>
                <path
                  d
                  stroke="red"
                  stroke-width="2"
                  fill="none"
                  stroke-linejoin="round"
                  stroke-linecap="round"
                  class="ez-line"
                >
                </path>
                <circle
                  stroke="red"
                  fill="red"
                  r="2"
                  cx="0"
                  cy="0"
                  stroke-width="2"
                  data-testid="ez-point"
                  class="ez-point"
                >
                </circle>
                <circle
                  stroke="red"
                  fill="red"
                  r="2"
                  cx="0"
                  cy="0"
                  stroke-width="2"
                  data-testid="ez-point"
                  class="ez-point"
                >
                </circle>
                <circle
                  stroke="red"
                  fill="red"
                  r="2"
                  cx="0"
                  cy="0"
                  stroke-width="2"
                  data-testid="ez-point"
                  class="ez-point"
                >
                </circle>
              </g>
            </g>
            <g
              text-anchor="middle"
              transform="translate(0, 0)"
              class="ez-axis"
            >
              <path
                d="M0,0V0V-0.5H0V0V0"
                class="ez-axis-path"
              >
              </path>
            </g>
            <g
              text-anchor="end"
              transform="translate(0, 0)"
              class="ez-axis"
            >
              <path
                d="M0,0H0H-0.5V0H0,0"
                class="ez-axis-path"
              >
              </path>
            </g>
          </g>
        </svg>
      </div>
    </div>
    <div
      class="ez-tooltip"
      style="left: 0px; top: 0px; opacity: 0;"
    >
    </div>
  </div>
</div>
`;
