// Jest Snapshot v1, https://goo.gl/fbAQLP

exports[`Area renders an svg path with the right coordinates / path 1`] = `
<path
  class="ez-area"
  d="M5,20L10,13L15,18L15,9L10,7L5,10Z"
  fill="#1f77b4"
  stroke="none"
  stroke-linecap="round"
  stroke-linejoin="round"
  stroke-width="0"
>
</path>
`;
