// Jest Snapshot v1, https://goo.gl/fbAQLP

exports[`MapPath renders an svg path for a GeoJSON feature 1`] = `
<path
  class="ez-map-path"
  d="M183.29790220729956,-24.16059099465747L325.1897940991912,-25.435251602239077L467.08168599108285,-24.16059099465747L463.02763193702776,101.51508468101838L637.3519562613528,97.46103062696602L637.3519562613528,575.8394090053421L523.8967323544675,572.6248677259086L410.3773608633892,570.8764843066806L296.83175269354797,570.5965256202271L183.29790220729956,571.7853549512888Z"
  fill="blue"
  stroke="red"
  stroke-linecap="round"
  stroke-linejoin="round"
  stroke-width="1"
>
</path>
`;
