// Jest Snapshot v1, https://goo.gl/fbAQLP

exports[`PieChart renders a pie chart 1`] = `
<div
  class="ez-viz"
  style="width: 800px; height: 600px;"
>
  <div class="ez-fragment-tooltip">
    <div class="ez-fragment-filter">
      <div class="ez-chart">
        <svg
          class="ez-svg"
          style="width: 800px; height: 600px;"
        >
          <g transform="translate(100, 100)">
            <g class="ez-fragment-color-scale">
              <g
                class="ez-pie"
                transform="translate(300,200)"
              >
                <path
                  class="ez-arc"
                  d="M-196.96155060244163,-34.729635533386A200,200,0,0,1,-3.6739403974420595e-14,-200L0,0Z"
                  data-testid="ez-arc"
                  fill="red"
                  stroke="#FFF"
                  stroke-width="0"
                >
                </path>
                <path
                  class="ez-arc"
                  d="M1.2246467991473532e-14,-200A200,200,0,0,1,68.40402866513377,187.93852415718166L0,0Z"
                  data-testid="ez-arc"
                  fill="blue"
                  stroke="#FFF"
                  stroke-width="0"
                >
                </path>
                <path
                  class="ez-arc"
                  d="M68.40402866513377,187.93852415718166A200,200,0,0,1,-196.96155060244163,-34.729635533386L0,0Z"
                  data-testid="ez-arc"
                  fill="green"
                  stroke="#FFF"
                  stroke-width="0"
                >
                </path>
              </g>
            </g>
          </g>
        </svg>
      </div>
      <div class="ez-legend">
        <div
          class="ez-legend-key"
          role="button"
        >
          <div
            class="ez-legend-box"
            style="background-color: red; border: 2px solid red;"
          >
          </div>
          <span class="ez-legend-text">
            Alpha
          </span>
        </div>
        <div
          class="ez-legend-key"
          role="button"
        >
          <div
            class="ez-legend-box"
            style="background-color: blue; border: 2px solid blue;"
          >
          </div>
          <span class="ez-legend-text">
            Beta
          </span>
        </div>
        <div
          class="ez-legend-key"
          role="button"
        >
          <div
            class="ez-legend-box"
            style="background-color: green; border: 2px solid green;"
          >
          </div>
          <span class="ez-legend-text">
            Gamma
          </span>
        </div>
      </div>
    </div>
    <div
      class="ez-tooltip"
      style="left: 0px; top: 0px; opacity: 0;"
    >
    </div>
  </div>
</div>
`;
