// Jest Snapshot v1, https://goo.gl/fbAQLP

exports[`RadialChart renders a Radial chart 1`] = `
<div
  class="ez-viz"
  style="width: 800px; height: 600px;"
>
  <div class="ez-fragment-tooltip">
    <div class="ez-fragment-filter">
      <div class="ez-chart">
        <svg
          class="ez-svg"
          style="width: 800px; height: 600px;"
        >
          <g transform="translate(100, 100)">
            <g class="ez-fragment-linear-scale">
              <g class="ez-fragment-color-scale">
                <g
                  class="ez-arcs"
                  transform="translate(300,200)"
                >
                  <path
                    class="ez-arc"
                    d="M1.2246467991473532e-14,-200A200,200,0,1,1,-1.2246467991473532e-14,200A200,200,0,1,1,1.2246467991473532e-14,-200M-3.0616169978683825e-14,-166.66666666666666A166.66666666666666,166.66666666666666,0,1,0,3.0616169978683825e-14,166.66666666666666A166.66666666666666,166.66666666666666,0,1,0,-3.0616169978683825e-14,-166.66666666666666Z"
                    data-testid="ez-arc"
                    fill="blue"
                    stroke="#FFF"
                    stroke-width="0"
                  >
                  </path>
                  <path
                    class="ez-arc"
                    d="M8.164311994315688e-15,-133.33333333333331A133.33333333333331,133.33333333333331,0,1,1,-66.66666666666669,115.47005383792514L-50.00000000000001,86.60254037844383A99.99999999999997,99.99999999999997,0,1,0,6.1232339957367645e-15,-99.99999999999997Z"
                    data-testid="ez-arc"
                    fill="green"
                    stroke="#FFF"
                    stroke-width="0"
                  >
                  </path>
                  <path
                    class="ez-arc"
                    d="M4.082155997157844e-15,-66.66666666666666A66.66666666666666,66.66666666666666,0,0,1,57.73502691896257,-33.33333333333333L28.867513459481277,-16.66666666666666A33.33333333333332,33.33333333333332,0,0,0,2.041077998578921e-15,-33.33333333333332Z"
                    data-testid="ez-arc"
                    fill="red"
                    stroke="#FFF"
                    stroke-width="0"
                  >
                  </path>
                </g>
              </g>
            </g>
          </g>
        </svg>
      </div>
      <div class="ez-legend">
        <div
          class="ez-legend-key"
          role="button"
        >
          <div
            class="ez-legend-box"
            style="background-color: red; border: 2px solid red;"
          >
          </div>
          <span class="ez-legend-text">
            Alpha
          </span>
        </div>
        <div
          class="ez-legend-key"
          role="button"
        >
          <div
            class="ez-legend-box"
            style="background-color: blue; border: 2px solid blue;"
          >
          </div>
          <span class="ez-legend-text">
            Beta
          </span>
        </div>
        <div
          class="ez-legend-key"
          role="button"
        >
          <div
            class="ez-legend-box"
            style="background-color: green; border: 2px solid green;"
          >
          </div>
          <span class="ez-legend-text">
            Gamma
          </span>
        </div>
      </div>
    </div>
    <div
      class="ez-tooltip"
      style="left: 0px; top: 0px; opacity: 0;"
    >
    </div>
  </div>
</div>
`;
