// Jest Snapshot v1, https://goo.gl/fbAQLP

exports[`BubbleChart renders a bubble chart 1`] = `
<div
  class="ez-viz"
  style="width: 800px; height: 600px;"
>
  <div class="ez-fragment-tooltip">
    <div class="ez-fragment-filter">
      <div class="ez-chart">
        <svg
          class="ez-svg"
          style="width: 800px; height: 600px;"
        >
          <g transform="translate(100, 100)">
            <g class="ez-fragment-cartesian-scale">
              <g class="ez-fragment-linear-scale">
                <g class="ez-bubbles">
                  <circle
                    class="ez-point"
                    cx="0"
                    cy="400"
                    data-testid="ez-point"
                    fill="blue"
                    r="1"
                    stroke-width="1"
                  >
                  </circle>
                  <circle
                    class="ez-point"
                    cx="600"
                    cy="200"
                    data-testid="ez-point"
                    fill="blue"
                    r="5.5"
                    stroke-width="1"
                  >
                  </circle>
                  <circle
                    class="ez-point"
                    cx="333.33333333333337"
                    cy="0"
                    data-testid="ez-point"
                    fill="blue"
                    r="10"
                    stroke-width="1"
                  >
                  </circle>
                </g>
              </g>
              <g
                class="ez-axis"
                text-anchor="middle"
                transform="translate(0, 400)"
              >
                <path
                  class="ez-axis-path"
                  d="M0.5,6V-6V-0.5H600.5V6V-6"
                >
                </path>
                <g
                  class="ez-axis-tick"
                  transform="translate(0.5, 0)"
                >
                  <line
                    class="ez-axis-tick-line"
                    x2="0"
                    y2="6"
                  >
                  </line>
                  <text
                    class="ez-axis-tick-text"
                    dy="0.6em"
                    text-anchor="middle"
                    transform="translate(0, 0) rotate(0 0 0)"
                    y="9"
                  >
                    35
                  </text>
                </g>
                <g
                  class="ez-axis-tick"
                  transform="translate(67.16666666666666, 0)"
                >
                  <line
                    class="ez-axis-tick-line"
                    x2="0"
                    y2="6"
                  >
                  </line>
                  <text
                    class="ez-axis-tick-text"
                    dy="0.6em"
                    text-anchor="middle"
                    transform="translate(0, 0) rotate(0 0 0)"
                    y="9"
                  >
                    40
                  </text>
                </g>
                <g
                  class="ez-axis-tick"
                  transform="translate(133.83333333333331, 0)"
                >
                  <line
                    class="ez-axis-tick-line"
                    x2="0"
                    y2="6"
                  >
                  </line>
                  <text
                    class="ez-axis-tick-text"
                    dy="0.6em"
                    text-anchor="middle"
                    transform="translate(0, 0) rotate(0 0 0)"
                    y="9"
                  >
                    45
                  </text>
                </g>
                <g
                  class="ez-axis-tick"
                  transform="translate(200.5, 0)"
                >
                  <line
                    class="ez-axis-tick-line"
                    x2="0"
                    y2="6"
                  >
                  </line>
                  <text
                    class="ez-axis-tick-text"
                    dy="0.6em"
                    text-anchor="middle"
                    transform="translate(0, 0) rotate(0 0 0)"
                    y="9"
                  >
                    50
                  </text>
                </g>
                <g
                  class="ez-axis-tick"
                  transform="translate(267.16666666666663, 0)"
                >
                  <line
                    class="ez-axis-tick-line"
                    x2="0"
                    y2="6"
                  >
                  </line>
                  <text
                    class="ez-axis-tick-text"
                    dy="0.6em"
                    text-anchor="middle"
                    transform="translate(0, 0) rotate(0 0 0)"
                    y="9"
                  >
                    55
                  </text>
                </g>
                <g
                  class="ez-axis-tick"
                  transform="translate(333.83333333333337, 0)"
                >
                  <line
                    class="ez-axis-tick-line"
                    x2="0"
                    y2="6"
                  >
                  </line>
                  <text
                    class="ez-axis-tick-text"
                    dy="0.6em"
                    text-anchor="middle"
                    transform="translate(0, 0) rotate(0 0 0)"
                    y="9"
                  >
                    60
                  </text>
                </g>
                <g
                  class="ez-axis-tick"
                  transform="translate(400.5, 0)"
                >
                  <line
                    class="ez-axis-tick-line"
                    x2="0"
                    y2="6"
                  >
                  </line>
                  <text
                    class="ez-axis-tick-text"
                    dy="0.6em"
                    text-anchor="middle"
                    transform="translate(0, 0) rotate(0 0 0)"
                    y="9"
                  >
                    65
                  </text>
                </g>
                <g
                  class="ez-axis-tick"
                  transform="translate(467.1666666666667, 0)"
                >
                  <line
                    class="ez-axis-tick-line"
                    x2="0"
                    y2="6"
                  >
                  </line>
                  <text
                    class="ez-axis-tick-text"
                    dy="0.6em"
                    text-anchor="middle"
                    transform="translate(0, 0) rotate(0 0 0)"
                    y="9"
                  >
                    70
                  </text>
                </g>
                <g
                  class="ez-axis-tick"
                  transform="translate(533.8333333333333, 0)"
                >
                  <line
                    class="ez-axis-tick-line"
                    x2="0"
                    y2="6"
                  >
                  </line>
                  <text
                    class="ez-axis-tick-text"
                    dy="0.6em"
                    text-anchor="middle"
                    transform="translate(0, 0) rotate(0 0 0)"
                    y="9"
                  >
                    75
                  </text>
                </g>
                <g
                  class="ez-axis-tick"
                  transform="translate(600.5, 0)"
                >
                  <line
                    class="ez-axis-tick-line"
                    x2="0"
                    y2="6"
                  >
                  </line>
                  <text
                    class="ez-axis-tick-text"
                    dy="0.6em"
                    text-anchor="middle"
                    transform="translate(0, 0) rotate(0 0 0)"
                    y="9"
                  >
                    80
                  </text>
                </g>
              </g>
              <g
                class="ez-axis"
                text-anchor="end"
                transform="translate(0, 0)"
              >
                <path
                  class="ez-axis-path"
                  d="M6,400.5H-6H-0.5V0.5H6,-6"
                >
                </path>
                <g
                  class="ez-axis-tick"
                  transform="translate(0, 400.5)"
                >
                  <line
                    class="ez-axis-tick-line"
                    x2="-6"
                    y2="0"
                  >
                  </line>
                  <text
                    class="ez-axis-tick-text"
                    dy="0.3em"
                    text-anchor="middle"
                    transform="translate(0, 0) rotate(-90 0 0)"
                    x="-9"
                  >
                    10
                  </text>
                </g>
                <g
                  class="ez-axis-tick"
                  transform="translate(0, 360.5)"
                >
                  <line
                    class="ez-axis-tick-line"
                    x2="-6"
                    y2="0"
                  >
                  </line>
                  <text
                    class="ez-axis-tick-text"
                    dy="0.3em"
                    text-anchor="middle"
                    transform="translate(0, 0) rotate(-90 0 0)"
                    x="-9"
                  >
                    12
                  </text>
                </g>
                <g
                  class="ez-axis-tick"
                  transform="translate(0, 320.5)"
                >
                  <line
                    class="ez-axis-tick-line"
                    x2="-6"
                    y2="0"
                  >
                  </line>
                  <text
                    class="ez-axis-tick-text"
                    dy="0.3em"
                    text-anchor="middle"
                    transform="translate(0, 0) rotate(-90 0 0)"
                    x="-9"
                  >
                    14
                  </text>
                </g>
                <g
                  class="ez-axis-tick"
                  transform="translate(0, 280.5)"
                >
                  <line
                    class="ez-axis-tick-line"
                    x2="-6"
                    y2="0"
                  >
                  </line>
                  <text
                    class="ez-axis-tick-text"
                    dy="0.3em"
                    text-anchor="middle"
                    transform="translate(0, 0) rotate(-90 0 0)"
                    x="-9"
                  >
                    16
                  </text>
                </g>
                <g
                  class="ez-axis-tick"
                  transform="translate(0, 240.5)"
                >
                  <line
                    class="ez-axis-tick-line"
                    x2="-6"
                    y2="0"
                  >
                  </line>
                  <text
                    class="ez-axis-tick-text"
                    dy="0.3em"
                    text-anchor="middle"
                    transform="translate(0, 0) rotate(-90 0 0)"
                    x="-9"
                  >
                    18
                  </text>
                </g>
                <g
                  class="ez-axis-tick"
                  transform="translate(0, 200.5)"
                >
                  <line
                    class="ez-axis-tick-line"
                    x2="-6"
                    y2="0"
                  >
                  </line>
                  <text
                    class="ez-axis-tick-text"
                    dy="0.3em"
                    text-anchor="middle"
                    transform="translate(0, 0) rotate(-90 0 0)"
                    x="-9"
                  >
                    20
                  </text>
                </g>
                <g
                  class="ez-axis-tick"
                  transform="translate(0, 160.5)"
                >
                  <line
                    class="ez-axis-tick-line"
                    x2="-6"
                    y2="0"
                  >
                  </line>
                  <text
                    class="ez-axis-tick-text"
                    dy="0.3em"
                    text-anchor="middle"
                    transform="translate(0, 0) rotate(-90 0 0)"
                    x="-9"
                  >
                    22
                  </text>
                </g>
                <g
                  class="ez-axis-tick"
                  transform="translate(0, 120.50000000000001)"
                >
                  <line
                    class="ez-axis-tick-line"
                    x2="-6"
                    y2="0"
                  >
                  </line>
                  <text
                    class="ez-axis-tick-text"
                    dy="0.3em"
                    text-anchor="middle"
                    transform="translate(0, 0) rotate(-90 0 0)"
                    x="-9"
                  >
                    24
                  </text>
                </g>
                <g
                  class="ez-axis-tick"
                  transform="translate(0, 80.49999999999999)"
                >
                  <line
                    class="ez-axis-tick-line"
                    x2="-6"
                    y2="0"
                  >
                  </line>
                  <text
                    class="ez-axis-tick-text"
                    dy="0.3em"
                    text-anchor="middle"
                    transform="translate(0, 0) rotate(-90 0 0)"
                    x="-9"
                  >
                    26
                  </text>
                </g>
                <g
                  class="ez-axis-tick"
                  transform="translate(0, 40.49999999999999)"
                >
                  <line
                    class="ez-axis-tick-line"
                    x2="-6"
                    y2="0"
                  >
                  </line>
                  <text
                    class="ez-axis-tick-text"
                    dy="0.3em"
                    text-anchor="middle"
                    transform="translate(0, 0) rotate(-90 0 0)"
                    x="-9"
                  >
                    28
                  </text>
                </g>
                <g
                  class="ez-axis-tick"
                  transform="translate(0, 0.5)"
                >
                  <line
                    class="ez-axis-tick-line"
                    x2="-6"
                    y2="0"
                  >
                  </line>
                  <text
                    class="ez-axis-tick-text"
                    dy="0.3em"
                    text-anchor="middle"
                    transform="translate(0, 0) rotate(-90 0 0)"
                    x="-9"
                  >
                    30
                  </text>
                </g>
              </g>
            </g>
          </g>
        </svg>
      </div>
    </div>
    <div
      class="ez-tooltip"
      style="left: 0px; top: 0px; opacity: 0;"
    >
    </div>
  </div>
</div>
`;
