// Jest Snapshot v1, https://goo.gl/fbAQLP

exports[`BubbleMapChart renders a bubble map chart 1`] = `
<div
  class="ez-viz"
  style="width: 800px; height: 600px;"
>
  <div class="ez-fragment-tooltip">
    <div class="ez-fragment-filter">
      <div class="ez-chart">
        <svg
          class="ez-svg"
          style="width: 800px; height: 600px;"
        >
          <g transform="translate(100, 100)">
            <g class="ez-fragment-color-scale">
              <g class="ez-map">
                <g>
                  <path
                    class="ez-map-path"
                    d="M76.54889311578609,126.37118500072279L192.7314657298939,126.37118500072279L191.0717146925499,177.82346715839913L262.44100929835895,176.1637161210556L262.44100929835895,372.01433852769355L169.51641699158517,369.98249107153333L76.54889311578609,370.35458749034956Z"
                    fill="blue"
                    stroke="red"
                    stroke-linecap="round"
                    stroke-linejoin="round"
                    stroke-width="1"
                  >
                  </path>
                  <circle
                    cx="164.70256641195607"
                    cy="256.7315744679701"
                    data-testid="ez-point"
                    fill="red"
                    opacity="0.5"
                    r="21.213203435596427"
                    stroke="black"
                    stroke-width="1"
                  >
                  </circle>
                </g>
                <g>
                  <path
                    class="ez-map-path"
                    d="M187.752212617861,-26.325910434961543L254.08401336928,-28.900321363955072L320.4962760512285,-30.0367862667199L386.92658243877486,-29.73156447171891L453.31237859296425,-27.985661472305992L458.29163170499714,176.1637161210556L324.6480171326407,174.28463495644155L191.0717146925499,177.82346715839913Z"
                    fill="blue"
                    stroke="red"
                    stroke-linecap="round"
                    stroke-linejoin="round"
                    stroke-width="1"
                  >
                  </path>
                  <circle
                    cx="322.5783078677257"
                    cy="73.44752197600349"
                    data-testid="ez-point"
                    fill="green"
                    opacity="0.5"
                    r="30"
                    stroke="black"
                    stroke-width="1"
                  >
                  </circle>
                </g>
                <g>
                  <path
                    class="ez-map-path"
                    d="M259.10857343347016,177.40087797367278L358.68141203404275,175.2778446412126L458.29163170499714,176.1637161210556L529.6609263108057,245.87325968951995L531.3206773481506,370.35458749034956L396.8497737116845,368.667991866221L262.44100929835895,372.01433852769355Z"
                    fill="blue"
                    stroke="red"
                    stroke-linecap="round"
                    stroke-linejoin="round"
                    stroke-width="1"
                  >
                  </path>
                  <circle
                    cx="389.8081047286489"
                    cy="276.5829194548061"
                    data-testid="ez-point"
                    fill="blue"
                    opacity="0.5"
                    r="25.98076211353316"
                    stroke="black"
                    stroke-width="1"
                  >
                  </circle>
                </g>
              </g>
            </g>
          </g>
        </svg>
      </div>
    </div>
    <div
      class="ez-tooltip"
      style="left: 0px; top: 0px; opacity: 0;"
    >
    </div>
  </div>
</div>
`;
