// Jest Snapshot v1, https://goo.gl/fbAQLP

exports[`MapChart renders a map chart 1`] = `
<div
  class="ez-viz"
  style="width: 800px; height: 600px;"
>
  <div class="ez-fragment-tooltip">
    <div class="ez-fragment-filter">
      <div class="ez-chart">
        <svg
          class="ez-svg"
          style="width: 800px; height: 600px;"
        >
          <g transform="translate(100, 100)">
            <g class="ez-fragment-color-scale">
              <g class="ez-map">
                <path
                  class="ez-map-path"
                  d="M76.54889311578609,126.37118500072279L192.7314657298939,126.37118500072279L191.0717146925499,177.82346715839913L262.44100929835895,176.1637161210556L262.44100929835895,372.01433852769355L169.51641699158517,369.98249107153333L76.54889311578609,370.35458749034956Z"
                  fill="red"
                  stroke="red"
                  stroke-linecap="round"
                  stroke-linejoin="round"
                  stroke-width="1"
                >
                </path>
                <path
                  class="ez-map-path"
                  d="M187.752212617861,-26.325910434961543L254.08401336928,-28.900321363955072L320.4962760512285,-30.0367862667199L386.92658243877486,-29.73156447171891L453.31237859296425,-27.985661472305992L458.29163170499714,176.1637161210556L324.6480171326407,174.28463495644155L191.0717146925499,177.82346715839913Z"
                  fill="green"
                  stroke="red"
                  stroke-linecap="round"
                  stroke-linejoin="round"
                  stroke-width="1"
                >
                </path>
                <path
                  class="ez-map-path"
                  d="M259.10857343347016,177.40087797367278L358.68141203404275,175.2778446412126L458.29163170499714,176.1637161210556L529.6609263108057,245.87325968951995L531.3206773481506,370.35458749034956L396.8497737116845,368.667991866221L262.44100929835895,372.01433852769355Z"
                  fill="blue"
                  stroke="red"
                  stroke-linecap="round"
                  stroke-linejoin="round"
                  stroke-width="1"
                >
                </path>
              </g>
            </g>
          </g>
        </svg>
      </div>
    </div>
    <div class="ez-tooltip">
    </div>
  </div>
</div>
`;
