// Jest Snapshot v1, https://goo.gl/fbAQLP

exports[`LineErrorMarginChart renders a line error margin chart 1`] = `
<div
  class="ez-viz"
  style="width: 800px; height: 600px;"
>
  <div class="ez-fragment-tooltip">
    <div class="ez-fragment-filter">
      <div class="ez-chart">
        <svg
          class="ez-svg"
          style="width: 800px; height: 600px;"
        >
          <g transform="translate(100, 100)">
            <g class="ez-fragment-cartesian-scale">
              <g class="ez-points">
                <g class="ez-line-error-margin">
                  <path
                    class="ez-area"
                    d="M0,361.2903225806451L400,116.1290322580645L600,0L600,348.38709677419354L400,309.6774193548387L0,400Z"
                    fill="#ef476f80"
                    stroke="none"
                    stroke-linecap="round"
                    stroke-linejoin="round"
                    stroke-width="0"
                  >
                  </path>
                  <path
                    class="ez-line"
                    d="M0,374.1935483870968L400,180.6451612903226L600,116.1290322580645"
                    fill="none"
                    stroke="red"
                    stroke-linecap="round"
                    stroke-linejoin="round"
                    stroke-width="2"
                  >
                  </path>
                  <circle
                    class="ez-point"
                    cx="0"
                    cy="374.1935483870968"
                    data-testid="ez-point"
                    fill="red"
                    r="2"
                    stroke="red"
                    stroke-width="2"
                  >
                  </circle>
                  <circle
                    class="ez-point"
                    cx="400"
                    cy="180.6451612903226"
                    data-testid="ez-point"
                    fill="red"
                    r="2"
                    stroke="red"
                    stroke-width="2"
                  >
                  </circle>
                  <circle
                    class="ez-point"
                    cx="600"
                    cy="116.1290322580645"
                    data-testid="ez-point"
                    fill="red"
                    r="2"
                    stroke="red"
                    stroke-width="2"
                  >
                  </circle>
                </g>
              </g>
              <g
                class="ez-axis"
                text-anchor="middle"
                transform="translate(0, 400)"
              >
                <path
                  class="ez-axis-path"
                  d="M0.5,6V-6V-0.5H600.5V6V-6"
                >
                </path>
                <g
                  class="ez-axis-tick"
                  transform="translate(0.5, 0)"
                >
                  <line
                    class="ez-axis-tick-line"
                    x2="0"
                    y2="6"
                  >
                  </line>
                  <text
                    class="ez-axis-tick-text"
                    dy="0.6em"
                    text-anchor="middle"
                    transform="translate(0, 0) rotate(0 0 0)"
                    y="9"
                  >
                    0
                  </text>
                </g>
                <g
                  class="ez-axis-tick"
                  transform="translate(80.5, 0)"
                >
                  <line
                    class="ez-axis-tick-line"
                    x2="0"
                    y2="6"
                  >
                  </line>
                  <text
                    class="ez-axis-tick-text"
                    dy="0.6em"
                    text-anchor="middle"
                    transform="translate(0, 0) rotate(0 0 0)"
                    y="9"
                  >
                    2
                  </text>
                </g>
                <g
                  class="ez-axis-tick"
                  transform="translate(160.5, 0)"
                >
                  <line
                    class="ez-axis-tick-line"
                    x2="0"
                    y2="6"
                  >
                  </line>
                  <text
                    class="ez-axis-tick-text"
                    dy="0.6em"
                    text-anchor="middle"
                    transform="translate(0, 0) rotate(0 0 0)"
                    y="9"
                  >
                    4
                  </text>
                </g>
                <g
                  class="ez-axis-tick"
                  transform="translate(240.5, 0)"
                >
                  <line
                    class="ez-axis-tick-line"
                    x2="0"
                    y2="6"
                  >
                  </line>
                  <text
                    class="ez-axis-tick-text"
                    dy="0.6em"
                    text-anchor="middle"
                    transform="translate(0, 0) rotate(0 0 0)"
                    y="9"
                  >
                    6
                  </text>
                </g>
                <g
                  class="ez-axis-tick"
                  transform="translate(320.5, 0)"
                >
                  <line
                    class="ez-axis-tick-line"
                    x2="0"
                    y2="6"
                  >
                  </line>
                  <text
                    class="ez-axis-tick-text"
                    dy="0.6em"
                    text-anchor="middle"
                    transform="translate(0, 0) rotate(0 0 0)"
                    y="9"
                  >
                    8
                  </text>
                </g>
                <g
                  class="ez-axis-tick"
                  transform="translate(400.5, 0)"
                >
                  <line
                    class="ez-axis-tick-line"
                    x2="0"
                    y2="6"
                  >
                  </line>
                  <text
                    class="ez-axis-tick-text"
                    dy="0.6em"
                    text-anchor="middle"
                    transform="translate(0, 0) rotate(0 0 0)"
                    y="9"
                  >
                    10
                  </text>
                </g>
                <g
                  class="ez-axis-tick"
                  transform="translate(480.5, 0)"
                >
                  <line
                    class="ez-axis-tick-line"
                    x2="0"
                    y2="6"
                  >
                  </line>
                  <text
                    class="ez-axis-tick-text"
                    dy="0.6em"
                    text-anchor="middle"
                    transform="translate(0, 0) rotate(0 0 0)"
                    y="9"
                  >
                    12
                  </text>
                </g>
                <g
                  class="ez-axis-tick"
                  transform="translate(560.5, 0)"
                >
                  <line
                    class="ez-axis-tick-line"
                    x2="0"
                    y2="6"
                  >
                  </line>
                  <text
                    class="ez-axis-tick-text"
                    dy="0.6em"
                    text-anchor="middle"
                    transform="translate(0, 0) rotate(0 0 0)"
                    y="9"
                  >
                    14
                  </text>
                </g>
              </g>
              <g
                class="ez-axis"
                text-anchor="end"
                transform="translate(0, 0)"
              >
                <path
                  class="ez-axis-path"
                  d="M6,400.5H-6H-0.5V0.5H6,-6"
                >
                </path>
                <g
                  class="ez-axis-tick"
                  transform="translate(0, 400.5)"
                >
                  <line
                    class="ez-axis-tick-line"
                    x2="-6"
                    y2="0"
                  >
                  </line>
                  <text
                    class="ez-axis-tick-text"
                    dy="0.3em"
                    text-anchor="middle"
                    transform="translate(0, 0) rotate(-90 0 0)"
                    x="-9"
                  >
                    8
                  </text>
                </g>
                <g
                  class="ez-axis-tick"
                  transform="translate(0, 374.6935483870968)"
                >
                  <line
                    class="ez-axis-tick-line"
                    x2="-6"
                    y2="0"
                  >
                  </line>
                  <text
                    class="ez-axis-tick-text"
                    dy="0.3em"
                    text-anchor="middle"
                    transform="translate(0, 0) rotate(-90 0 0)"
                    x="-9"
                  >
                    10
                  </text>
                </g>
                <g
                  class="ez-axis-tick"
                  transform="translate(0, 348.88709677419354)"
                >
                  <line
                    class="ez-axis-tick-line"
                    x2="-6"
                    y2="0"
                  >
                  </line>
                  <text
                    class="ez-axis-tick-text"
                    dy="0.3em"
                    text-anchor="middle"
                    transform="translate(0, 0) rotate(-90 0 0)"
                    x="-9"
                  >
                    12
                  </text>
                </g>
                <g
                  class="ez-axis-tick"
                  transform="translate(0, 323.0806451612903)"
                >
                  <line
                    class="ez-axis-tick-line"
                    x2="-6"
                    y2="0"
                  >
                  </line>
                  <text
                    class="ez-axis-tick-text"
                    dy="0.3em"
                    text-anchor="middle"
                    transform="translate(0, 0) rotate(-90 0 0)"
                    x="-9"
                  >
                    14
                  </text>
                </g>
                <g
                  class="ez-axis-tick"
                  transform="translate(0, 297.2741935483871)"
                >
                  <line
                    class="ez-axis-tick-line"
                    x2="-6"
                    y2="0"
                  >
                  </line>
                  <text
                    class="ez-axis-tick-text"
                    dy="0.3em"
                    text-anchor="middle"
                    transform="translate(0, 0) rotate(-90 0 0)"
                    x="-9"
                  >
                    16
                  </text>
                </g>
                <g
                  class="ez-axis-tick"
                  transform="translate(0, 271.4677419354839)"
                >
                  <line
                    class="ez-axis-tick-line"
                    x2="-6"
                    y2="0"
                  >
                  </line>
                  <text
                    class="ez-axis-tick-text"
                    dy="0.3em"
                    text-anchor="middle"
                    transform="translate(0, 0) rotate(-90 0 0)"
                    x="-9"
                  >
                    18
                  </text>
                </g>
                <g
                  class="ez-axis-tick"
                  transform="translate(0, 245.66129032258064)"
                >
                  <line
                    class="ez-axis-tick-line"
                    x2="-6"
                    y2="0"
                  >
                  </line>
                  <text
                    class="ez-axis-tick-text"
                    dy="0.3em"
                    text-anchor="middle"
                    transform="translate(0, 0) rotate(-90 0 0)"
                    x="-9"
                  >
                    20
                  </text>
                </g>
                <g
                  class="ez-axis-tick"
                  transform="translate(0, 219.8548387096774)"
                >
                  <line
                    class="ez-axis-tick-line"
                    x2="-6"
                    y2="0"
                  >
                  </line>
                  <text
                    class="ez-axis-tick-text"
                    dy="0.3em"
                    text-anchor="middle"
                    transform="translate(0, 0) rotate(-90 0 0)"
                    x="-9"
                  >
                    22
                  </text>
                </g>
                <g
                  class="ez-axis-tick"
                  transform="translate(0, 194.0483870967742)"
                >
                  <line
                    class="ez-axis-tick-line"
                    x2="-6"
                    y2="0"
                  >
                  </line>
                  <text
                    class="ez-axis-tick-text"
                    dy="0.3em"
                    text-anchor="middle"
                    transform="translate(0, 0) rotate(-90 0 0)"
                    x="-9"
                  >
                    24
                  </text>
                </g>
                <g
                  class="ez-axis-tick"
                  transform="translate(0, 168.24193548387095)"
                >
                  <line
                    class="ez-axis-tick-line"
                    x2="-6"
                    y2="0"
                  >
                  </line>
                  <text
                    class="ez-axis-tick-text"
                    dy="0.3em"
                    text-anchor="middle"
                    transform="translate(0, 0) rotate(-90 0 0)"
                    x="-9"
                  >
                    26
                  </text>
                </g>
                <g
                  class="ez-axis-tick"
                  transform="translate(0, 142.43548387096774)"
                >
                  <line
                    class="ez-axis-tick-line"
                    x2="-6"
                    y2="0"
                  >
                  </line>
                  <text
                    class="ez-axis-tick-text"
                    dy="0.3em"
                    text-anchor="middle"
                    transform="translate(0, 0) rotate(-90 0 0)"
                    x="-9"
                  >
                    28
                  </text>
                </g>
                <g
                  class="ez-axis-tick"
                  transform="translate(0, 116.6290322580645)"
                >
                  <line
                    class="ez-axis-tick-line"
                    x2="-6"
                    y2="0"
                  >
                  </line>
                  <text
                    class="ez-axis-tick-text"
                    dy="0.3em"
                    text-anchor="middle"
                    transform="translate(0, 0) rotate(-90 0 0)"
                    x="-9"
                  >
                    30
                  </text>
                </g>
                <g
                  class="ez-axis-tick"
                  transform="translate(0, 90.8225806451613)"
                >
                  <line
                    class="ez-axis-tick-line"
                    x2="-6"
                    y2="0"
                  >
                  </line>
                  <text
                    class="ez-axis-tick-text"
                    dy="0.3em"
                    text-anchor="middle"
                    transform="translate(0, 0) rotate(-90 0 0)"
                    x="-9"
                  >
                    32
                  </text>
                </g>
                <g
                  class="ez-axis-tick"
                  transform="translate(0, 65.01612903225805)"
                >
                  <line
                    class="ez-axis-tick-line"
                    x2="-6"
                    y2="0"
                  >
                  </line>
                  <text
                    class="ez-axis-tick-text"
                    dy="0.3em"
                    text-anchor="middle"
                    transform="translate(0, 0) rotate(-90 0 0)"
                    x="-9"
                  >
                    34
                  </text>
                </g>
                <g
                  class="ez-axis-tick"
                  transform="translate(0, 39.20967741935485)"
                >
                  <line
                    class="ez-axis-tick-line"
                    x2="-6"
                    y2="0"
                  >
                  </line>
                  <text
                    class="ez-axis-tick-text"
                    dy="0.3em"
                    text-anchor="middle"
                    transform="translate(0, 0) rotate(-90 0 0)"
                    x="-9"
                  >
                    36
                  </text>
                </g>
                <g
                  class="ez-axis-tick"
                  transform="translate(0, 13.403225806451601)"
                >
                  <line
                    class="ez-axis-tick-line"
                    x2="-6"
                    y2="0"
                  >
                  </line>
                  <text
                    class="ez-axis-tick-text"
                    dy="0.3em"
                    text-anchor="middle"
                    transform="translate(0, 0) rotate(-90 0 0)"
                    x="-9"
                  >
                    38
                  </text>
                </g>
              </g>
            </g>
          </g>
        </svg>
      </div>
    </div>
    <div
      class="ez-tooltip"
      style="left: 0px; top: 0px; opacity: 0;"
    >
    </div>
  </div>
</div>
`;
