// Jest Snapshot v1, https://goo.gl/fbAQLP

exports[`Bars renders svg rects with the right coordinates / dimensions 1`] = `
<g class="ez-bars">
  <rect
    class="ez-bar"
    data-testid="ez-bar"
    fill="red"
    height="100"
    width="266.6666666666667"
    x="0"
    y="500"
  >
  </rect>
  <rect
    class="ez-bar"
    data-testid="ez-bar"
    fill="blue"
    height="600"
    width="266.6666666666667"
    x="266.6666666666667"
    y="0"
  >
  </rect>
  <rect
    class="ez-bar"
    data-testid="ez-bar"
    fill="green"
    height="350"
    width="266.6666666666667"
    x="533.3333333333334"
    y="249.99999999999997"
  >
  </rect>
</g>
`;
