// Jest Snapshot v1, https://goo.gl/fbAQLP

exports[`Map renders svg areas using GeoJSON features 1`] = `
<g class="ez-map">
  <path
    class="ez-map-path"
    d="M64.97296867896148,188.49256015721767L152.10989813954166,187.70978102891058L239.24682760012274,188.49256015721767L236.7572010441054,265.6709833937325L343.81114295281986,263.181356837717L343.81114295281986,556.9572904476736L204.4242544926592,553.9095192634336L64.97296867896148,554.4676638916576Z"
    fill="blue"
    stroke="red"
    stroke-linecap="round"
    stroke-linejoin="round"
    stroke-width="1"
  >
  </path>
  <path
    class="ez-map-path"
    d="M231.7779479320725,-40.5530829963086L331.275649059201,-44.4146993897989L430.89404308212397,-46.1193967439458L530.5395026634433,-45.6615640514442L630.1181968947276,-43.04270955232505L637.5870765627769,263.181356837717L537.3829435377065,260.75601473079087L437.12165470424225,260.3627350907959L336.8856527555781,262.002700835782L236.7572010441054,265.6709833937325Z"
    fill="blue"
    stroke="red"
    stroke-linecap="round"
    stroke-linejoin="round"
    stroke-width="1"
  >
  </path>
  <path
    class="ez-map-path"
    d="M338.8124891554871,265.03709961664254L488.17174705634534,261.8525496179527L637.5870765627769,263.181356837717L744.6410184714896,367.7456721904132L747.130645027507,554.4676638916576L646.3011483811488,552.2588357265317L545.4242895728075,551.9377704554649L444.57077180846136,553.5053402105987L343.81114295281986,556.9572904476736Z"
    fill="blue"
    stroke="red"
    stroke-linecap="round"
    stroke-linejoin="round"
    stroke-width="1"
  >
  </path>
</g>
`;
