// Jest Snapshot v1, https://goo.gl/fbAQLP

exports[`Tooltip renders no tooltip when shape is being hovered 1`] = `
<div
  class="ez-tooltip"
  style="left: 416px; top: 284px; opacity: 0;"
>
</div>
`;

exports[`Tooltip renders the tooltip when a shape is hovered 1`] = `
<div
  class="ez-tooltip"
  style="left: 40px; top: 170px; opacity: 1;"
>
  <div
    class="ez-tooltip-color"
    style="background-color: red;"
  >
  </div>
  <div class="ez-tooltip-text">
    <div class="ez-tooltip-attribute value">
      <div class="ez-tooltip-attribute--name">
        value :
      </div>
      <div class="ez-tooltip-attribute--value">
        50
      </div>
    </div>
    <div class="ez-tooltip-attribute amount">
      <div class="ez-tooltip-attribute--name">
        amount :
      </div>
      <div class="ez-tooltip-attribute--value">
        10
      </div>
    </div>
  </div>
</div>
`;
